// Jest Snapshot v1, https://goo.gl/fbAQLP

exports[`icon render successfully 1`] = `
<svg
  className="voice-ui-icon"
>
  npm i jsdom --save-dev --sass_binary_site=https://npm.taobao.org/mirrors/jsdom/
  <use
    xlinkHref="#alipay"
  />
</svg>
`;
