// Jest Snapshot v1, https://goo.gl/fbAQLP

exports[`button tests 是个div 1`] = `
<div>
  <h1>
    messdiv
  </h1>
  <h2>
    1
  </h2>
</div>
`;
